// Jest Snapshot v1, https://goo.gl/fbAQLP

exports[`FeedbackHeader renders correctly 1`] = `
ShallowWrapper {
  "length": 1,
  Symbol(enzyme.__root__): [Circular],
  Symbol(enzyme.__unrendered__): <FeedbackHeader />,
  Symbol(enzyme.__renderer__): Object {
    "batchedUpdates": [Function],
    "getNode": [Function],
    "render": [Function],
    "simulateEvent": [Function],
    "unmount": [Function],
  },
  Symbol(enzyme.__node__): Object {
    "instance": null,
    "key": undefined,
    "nodeType": "class",
    "props": Object {
      "children": Array [
        <TouchableOpacity
          activeOpacity={0.2}
          onPress={undefined}
        >
          <Icon
            allowFontScaling={false}
            name="ios-arrow-back"
            size={12}
            style={
              Object {
                "fontSize": 26,
                "paddingLeft": 15,
                "textAlign": "center",
              }
            }
          />
        </TouchableOpacity>,
        <Text
          accessible={true}
          allowFontScaling={true}
          ellipsizeMode="tail"
          style={
            Object {
              "flex": 1,
              "fontSize": 20,
              "textAlign": "center",
            }
          }
        />,
        undefined,
      ],
      "style": Object {
        "alignItems": "center",
        "backgroundColor": "#F8F8F8",
        "elevation": 10,
        "flexDirection": "row",
        "height": 70,
        "paddingTop": 20,
        "shadowColor": "#d8d8d8",
        "shadowOffset": Object {
          "height": 2,
          "width": 0,
        },
        "shadowOpacity": 0.8,
      },
    },
    "ref": null,
    "rendered": Array [
      Object {
        "instance": null,
        "key": undefined,
        "nodeType": "class",
        "props": Object {
          "activeOpacity": 0.2,
          "children": <Icon
            allowFontScaling={false}
            name="ios-arrow-back"
            size={12}
            style={
              Object {
                "fontSize": 26,
                "paddingLeft": 15,
                "textAlign": "center",
              }
            }
          />,
          "onPress": undefined,
        },
        "ref": null,
        "rendered": Object {
          "instance": null,
          "key": undefined,
          "nodeType": "class",
          "props": Object {
            "allowFontScaling": false,
            "name": "ios-arrow-back",
            "size": 12,
            "style": Object {
              "fontSize": 26,
              "paddingLeft": 15,
              "textAlign": "center",
            },
          },
          "ref": null,
          "rendered": null,
          "type": [Function],
        },
        "type": [Function],
      },
      Object {
        "instance": null,
        "key": undefined,
        "nodeType": "class",
        "props": Object {
          "accessible": true,
          "allowFontScaling": true,
          "children": undefined,
          "ellipsizeMode": "tail",
          "style": Object {
            "flex": 1,
            "fontSize": 20,
            "textAlign": "center",
          },
        },
        "ref": null,
        "rendered": null,
        "type": [Function],
      },
      undefined,
    ],
    "type": [Function],
  },
  Symbol(enzyme.__nodes__): Array [
    Object {
      "instance": null,
      "key": undefined,
      "nodeType": "class",
      "props": Object {
        "children": Array [
          <TouchableOpacity
            activeOpacity={0.2}
            onPress={undefined}
          >
            <Icon
              allowFontScaling={false}
              name="ios-arrow-back"
              size={12}
              style={
                Object {
                  "fontSize": 26,
                  "paddingLeft": 15,
                  "textAlign": "center",
                }
              }
            />
          </TouchableOpacity>,
          <Text
            accessible={true}
            allowFontScaling={true}
            ellipsizeMode="tail"
            style={
              Object {
                "flex": 1,
                "fontSize": 20,
                "textAlign": "center",
              }
            }
          />,
          undefined,
        ],
        "style": Object {
          "alignItems": "center",
          "backgroundColor": "#F8F8F8",
          "elevation": 10,
          "flexDirection": "row",
          "height": 70,
          "paddingTop": 20,
          "shadowColor": "#d8d8d8",
          "shadowOffset": Object {
            "height": 2,
            "width": 0,
          },
          "shadowOpacity": 0.8,
        },
      },
      "ref": null,
      "rendered": Array [
        Object {
          "instance": null,
          "key": undefined,
          "nodeType": "class",
          "props": Object {
            "activeOpacity": 0.2,
            "children": <Icon
              allowFontScaling={false}
              name="ios-arrow-back"
              size={12}
              style={
                Object {
                  "fontSize": 26,
                  "paddingLeft": 15,
                  "textAlign": "center",
                }
              }
            />,
            "onPress": undefined,
          },
          "ref": null,
          "rendered": Object {
            "instance": null,
            "key": undefined,
            "nodeType": "class",
            "props": Object {
              "allowFontScaling": false,
              "name": "ios-arrow-back",
              "size": 12,
              "style": Object {
                "fontSize": 26,
                "paddingLeft": 15,
                "textAlign": "center",
              },
            },
            "ref": null,
            "rendered": null,
            "type": [Function],
          },
          "type": [Function],
        },
        Object {
          "instance": null,
          "key": undefined,
          "nodeType": "class",
          "props": Object {
            "accessible": true,
            "allowFontScaling": true,
            "children": undefined,
            "ellipsizeMode": "tail",
            "style": Object {
              "flex": 1,
              "fontSize": 20,
              "textAlign": "center",
            },
          },
          "ref": null,
          "rendered": null,
          "type": [Function],
        },
        undefined,
      ],
      "type": [Function],
    },
  ],
  Symbol(enzyme.__options__): Object {
    "adapter": ReactSixteenAdapter {
      "options": Object {
        "enableComponentDidUpdateOnSetState": true,
      },
    },
  },
}
`;
