// Jest Snapshot v1, https://goo.gl/fbAQLP

exports[`PeopleView renders correctly 1`] = `
ShallowWrapper {
  "length": 1,
  Symbol(enzyme.__root__): [Circular],
  Symbol(enzyme.__unrendered__): <Connect(PeopleView)
    store={
      Object {
        "clearActions": [Function],
        "dispatch": [Function],
        "getActions": [Function],
        "getState": [Function],
        "replaceReducer": [Function],
        "subscribe": [Function],
      }
    }
  />,
  Symbol(enzyme.__renderer__): Object {
    "batchedUpdates": [Function],
    "getNode": [Function],
    "render": [Function],
    "simulateEvent": [Function],
    "unmount": [Function],
  },
  Symbol(enzyme.__node__): Object {
    "instance": null,
    "key": undefined,
    "nodeType": "class",
    "props": Object {
      "auth": Object {
        "data": Object {
          "decoded": Object {
            "id": 1,
          },
        },
      },
      "fetchUsersByPage": [Function],
      "redirectToWelcomeScreen": [Function],
      "refreshUsersSearch": [Function],
      "store": Object {
        "clearActions": [Function],
        "dispatch": [Function],
        "getActions": [Function],
        "getState": [Function],
        "replaceReducer": [Function],
        "subscribe": [Function],
      },
      "storeSubscription": Subscription {
        "listeners": Object {
          "clear": [Function],
          "get": [Function],
          "notify": [Function],
          "subscribe": [Function],
        },
        "onStateChange": [Function],
        "parentSub": undefined,
        "store": Object {
          "clearActions": [Function],
          "dispatch": [Function],
          "getActions": [Function],
          "getState": [Function],
          "replaceReducer": [Function],
          "subscribe": [Function],
        },
        "unsubscribe": [Function],
      },
      "usersByPage": Object {
        "data": Object {
          "data": Array [
            Object {
              "birthyear": 1980,
              "email": "test@test.com",
              "emoji": "ï¿½ï¿½ðŸ‡­",
              "genderlist": Array [
                "HUMAN",
              ],
              "hateCommon": 1,
              "id": 2,
              "locations": Array [
                "Istanbul",
              ],
              "loveCommon": 2,
              "username": "justATest",
            },
            Object {
              "birthyear": 1980,
              "email": "test@test.com",
              "emoji": "ï¿½ï¿½ðŸ‡­",
              "genderlist": Array [
                "HUMAN",
              ],
              "hateCommon": 1,
              "id": 3,
              "locations": Array [
                "Istanbul",
              ],
              "loveCommon": 2,
              "username": "justATest",
            },
          ],
        },
      },
      "usersSearch": undefined,
    },
    "ref": null,
    "rendered": null,
    "type": [Function],
  },
  Symbol(enzyme.__nodes__): Array [
    Object {
      "instance": null,
      "key": undefined,
      "nodeType": "class",
      "props": Object {
        "auth": Object {
          "data": Object {
            "decoded": Object {
              "id": 1,
            },
          },
        },
        "fetchUsersByPage": [Function],
        "redirectToWelcomeScreen": [Function],
        "refreshUsersSearch": [Function],
        "store": Object {
          "clearActions": [Function],
          "dispatch": [Function],
          "getActions": [Function],
          "getState": [Function],
          "replaceReducer": [Function],
          "subscribe": [Function],
        },
        "storeSubscription": Subscription {
          "listeners": Object {
            "clear": [Function],
            "get": [Function],
            "notify": [Function],
            "subscribe": [Function],
          },
          "onStateChange": [Function],
          "parentSub": undefined,
          "store": Object {
            "clearActions": [Function],
            "dispatch": [Function],
            "getActions": [Function],
            "getState": [Function],
            "replaceReducer": [Function],
            "subscribe": [Function],
          },
          "unsubscribe": [Function],
        },
        "usersByPage": Object {
          "data": Object {
            "data": Array [
              Object {
                "birthyear": 1980,
                "email": "test@test.com",
                "emoji": "ï¿½ï¿½ðŸ‡­",
                "genderlist": Array [
                  "HUMAN",
                ],
                "hateCommon": 1,
                "id": 2,
                "locations": Array [
                  "Istanbul",
                ],
                "loveCommon": 2,
                "username": "justATest",
              },
              Object {
                "birthyear": 1980,
                "email": "test@test.com",
                "emoji": "ï¿½ï¿½ðŸ‡­",
                "genderlist": Array [
                  "HUMAN",
                ],
                "hateCommon": 1,
                "id": 3,
                "locations": Array [
                  "Istanbul",
                ],
                "loveCommon": 2,
                "username": "justATest",
              },
            ],
          },
        },
        "usersSearch": undefined,
      },
      "ref": null,
      "rendered": null,
      "type": [Function],
    },
  ],
  Symbol(enzyme.__options__): Object {
    "adapter": ReactSixteenAdapter {
      "options": Object {
        "enableComponentDidUpdateOnSetState": true,
      },
    },
  },
}
`;
